Exception in thread Thread-1 (_worker_loop):
Traceback (most recent call last):
  File "D:\CodeIDE\01-Code_item\01-Ai-item\ai-brower-tool\broadcast-live-tools\panel\main.py", line 99, in _worker_loop
    _run_job(job)
    ~~~~~~~~^^^^^
  File "D:\CodeIDE\01-Code_item\01-Ai-item\ai-brower-tool\broadcast-live-tools\panel\main.py", line 70, in _run_job
    print(f"[job {job['id']}] תд {Path(v).name}", flush=True)
    ~~~~~^^^^^^^^^^^^^^^^^^^^^^^^^^^^^^^^^^^^^^^^^^^^^^^^^^^^^^
OSError: [Errno 22] Invalid argument

During handling of the above exception, another exception occurred:

Traceback (most recent call last):
  File "D:\system\pyhone\Lib\threading.py", line 1041, in _bootstrap_inner
    self.run()
    ~~~~~~~~^^
  File "D:\system\pyhone\Lib\threading.py", line 992, in run
    self._target(*self._args, **self._kwargs)
    ~~~~~~~~~~~~^^^^^^^^^^^^^^^^^^^^^^^^^^^^^
  File "D:\CodeIDE\01-Code_item\01-Ai-item\ai-brower-tool\broadcast-live-tools\panel\main.py", line 103, in _worker_loop
    print("[worker]", repr(e)[:200], flush=True)
    ~~~~~^^^^^^^^^^^^^^^^^^^^^^^^^^^^^^^^^^^^^^^
OSError: [Errno 22] Invalid argument
